// Jest Snapshot v1, https://goo.gl/fbAQLP

exports[`Slider basic 1`] = `
<div>
  <div
    class="t-slider"
  >
    <div
      class="t-slider__rail"
    >
      <div
        class="t-slider__bar"
        style="left: 0%; width: 0%;"
      />
      <div
        class="t-slider-handlers"
      >
        <div
          class="t-slider-handlers__handler"
          draggable="false"
          style="left: 0%;"
          tabindex="1"
        />
      </div>
    </div>
  </div>
</div>
`;
