// Jest Snapshot v1, https://goo.gl/fbAQLP

exports[`Resizer snap 1`] = `
<div
  class="t-resizer t-resizer--bottom"
/>
`;
