// Jest Snapshot v1, https://goo.gl/fbAQLP

exports[`Tag closeable basic 1`] = `
<div
  class="t-tag t--size-m t-tag--primary t-tag--bordered"
>
  <span
    class="t-tag__content"
  >
    tag
  </span>
  <button
    class="t-button t-tag__close t-button--type-primary t--size-sm t-button--plain-text t-button--icon-l"
  >
    <span>
      <i
        class="t-icon"
        role="img"
      >
        <svg
          viewBox="0 0 1024 1024"
        >
          <path
            d="M574.56865938 513.72328935l366.30945353-364.40941657c17.3212673-17.23289347 17.4096411-45.15901828 0.17674762-62.48028556-17.27708037-17.36545419-45.15901828-17.4096411-62.48028556-0.17674764l-366.39782734 364.45360348-363.21637009-364.32104275C131.77167097 69.55650684 103.80135925 69.46813303 86.48009197 86.70102651 69.20301159 103.93391997 69.15882467 131.90423169 86.39171815 149.22549897l363.12799629 364.23266894L83.38700853 877.64664993c-17.3212673 17.23289347-17.4096411 45.15901828-0.17674763 62.48028558 8.61644674 8.66063363 19.97248167 13.03513737 31.32851659 13.03513736 11.26766112 0 22.53532223-4.28612991 31.15176897-12.85838974l366.22107973-364.27685584 366.53038806 367.63506071c8.61644674 8.66063363 19.92829476 12.99095045 31.2843297 12.99095047 11.31184801 0 22.57950913-4.33031682 31.19595588-12.90257666 17.27708037-17.23289347 17.3212673-45.15901828 0.0883738-62.48028554L574.56865938 513.72328935z"
            fill="currentColor"
          />
        </svg>
      </i>
    </span>
  </button>
</div>
`;

exports[`Tag closeable basic 2`] = `null`;

exports[`Tag demo 1`] = `
<section
  class="t-space"
  style="--t-space-fill-ratio: 100%;"
>
  <div
    class="t-tag t--size-m t-tag--primary t-tag--bordered"
  >
    <span
      class="t-tag__content"
    >
      DEFAULT
    </span>
  </div>
  <div
    class="t-tag t--size-m t-tag--primary t-tag--bordered"
  >
    <span
      class="t-tag__content"
    >
      PRIMARY
    </span>
  </div>
  <div
    class="t-tag t--size-m t-tag--success t-tag--bordered"
  >
    <span
      class="t-tag__content"
    >
      SUCCESS
    </span>
  </div>
  <div
    class="t-tag t--size-m t-tag--info t-tag--bordered"
  >
    <span
      class="t-tag__content"
    >
      INFO
    </span>
  </div>
  <div
    class="t-tag t--size-m t-tag--warning t-tag--bordered"
  >
    <span
      class="t-tag__content"
    >
      WARNING
    </span>
  </div>
  <div
    class="t-tag t--size-m t-tag--error t-tag--bordered"
  >
    <span
      class="t-tag__content"
    >
      ERROR
    </span>
  </div>
</section>
`;

exports[`Tag icon 1`] = `
<div
  class="t-tag t--size-sm t-tag--primary t-tag--bordered"
>
  <i
    class="t-icon t-tag__icon"
    role="img"
  >
    tag
  </i>
  <span
    class="t-tag__content"
  />
</div>
`;
