// Jest Snapshot v1, https://goo.gl/fbAQLP

exports[`Input basic 1`] = `
<div>
  <label
    class="t-input t--size-m"
  >
    <input
      type="text"
      value=""
    />
  </label>
</div>
`;

exports[`Input basic 2`] = `
<div>
  <label
    class="t-input t--size-m"
  >
    <input
      class="hello"
      type="text"
      value=""
    />
  </label>
</div>
`;

exports[`Input clearable 1`] = `
<div>
  <label
    class="t-input t--size-m t-input--clearable"
  >
    <input
      type="text"
      value=""
    />
  </label>
</div>
`;

exports[`Input count 1`] = `
<label
  class="t-input t--size-m"
>
  <input
    type="text"
    value=""
  />
  <div
    class="t-input__suffix"
  >
    <div
      class="t-input__count"
    >
      <span>
        0
      </span>
    </div>
  </div>
</label>
`;

exports[`Input count 2`] = `
<label
  class="t-input t--size-m"
>
  <input
    type="text"
    value=""
  />
  <div
    class="t-input__suffix"
  >
    <div
      class="t-input__count"
    >
      <span>
        0
         / 
        20
      </span>
    </div>
  </div>
</label>
`;

exports[`Input count 3`] = `
<label
  class="t-input t--size-m t-input--textarea"
>
  <textarea
    rows="3"
  />
  <div
    class="t-input__count"
  >
    <span>
      0
    </span>
  </div>
</label>
`;

exports[`Input count 4`] = `
<label
  class="t-input t--size-m t-input--textarea"
>
  <textarea
    rows="3"
  />
  <div
    class="t-input__count"
  >
    <span>
      0
       / 
      20
    </span>
  </div>
</label>
`;

exports[`Input loading 1`] = `
<label
  class="t-input t--size-m t-input--loading"
>
  <input
    type="text"
    value=""
  />
  <div
    class="t-input__suffix"
  >
    <i
      class="t-icon t-input__icon t-input__loading"
      role="img"
    >
      <svg
        class="t-loading-icon"
        viewBox="0 0 66 66"
      >
        <circle
          class="t-loading-icon__path"
          cx="33"
          cy="33"
          fill="none"
          r="30"
          stroke="currentColor"
          stroke-linecap="round"
          stroke-width="6"
        />
      </svg>
    </i>
  </div>
</label>
`;

exports[`Input password basic 1`] = `
<label
  class="t-input t--size-m"
>
  <input
    type="password"
  />
  <div
    class="t-input__suffix"
  >
    <i
      class="t-icon t-input__icon t-input__switch"
      role="img"
    >
      <svg
        viewBox="0 0 1102 1024"
      >
        <path
          d="M1080.950154 498.54358967l-0.078769-0.157538-0.157539-0.07877c-44.740923-94.444308-98.461538-170.692923-160.846769-228.903384l-62.385231 62.464c53.799385 49.467077 100.273231 115.318154 140.445539 198.025846-102.557538 212.125538-247.886769 312.713846-446.54277 312.713846-63.172923 0-120.989538-10.161231-173.764923-30.798769l-67.347692 67.268923c71.995077 34.658462 152.260923 52.224 241.112615 52.224 236.544 0 412.750769-123.667692 529.48677-369.585231a74.043077 74.043077 0 0 0 0.078769-63.172923z m-78.769231-408.812308l-52.145231-52.224a9.846154 9.846154 0 0 0-13.942154 0L792.418462 181.10358967C720.502154 146.28758967 640.393846 128.80082067 551.384615 128.80082067c-236.544 0-412.750769 123.667692-529.486769 369.585231V498.54358967a74.200615 74.200615 0 0 0 0 63.409231c44.819692 94.365538 98.461538 170.692923 160.846769 228.982154l-123.904 123.667692a9.846154 9.846154 0 0 0 0 13.942154l52.145231 52.224a9.846154 9.846154 0 0 0 13.942154 0L1002.180923 103.43712867a9.767385 9.767385 0 0 0 0-13.784616z m-589.981538 471.591385a137.846154 137.846154 0 0 1 165.572923-165.572923L412.120615 561.32266667z m227.091692-227.091692a216.772923 216.772923 0 0 0-288.610462 288.610461L245.287385 728.23466667c-53.799385-49.545846-100.273231-115.318154-140.445539-198.025846C207.478154 318.08328167 352.886154 217.49497467 551.384615 217.49497467c63.172923 0 120.989538 10.161231 173.764923 30.798769l-85.858461 85.937231zM546.500923 667.89743567c-7.876923 0-15.675077-0.630154-23.158154-1.969231l-62.936615 62.857847a216.615385 216.615385 0 0 0 284.908308-284.908308l-62.857847 62.936615A138.003692 138.003692 0 0 1 546.422154 667.89743567z"
          fill="currentColor"
        />
      </svg>
    </i>
  </div>
</label>
`;

exports[`Input password basic 2`] = `
<label
  class="t-input t--size-m"
>
  <input
    type="password"
  />
  <div
    class="t-input__suffix"
  >
    <i
      class="t-icon t-input__icon t-input__switch"
      role="img"
    >
      <svg
        viewBox="0 0 1102 1024"
      >
        <path
          d="M1080.950154 498.54358967l-0.078769-0.157538-0.157539-0.07877c-44.740923-94.444308-98.461538-170.692923-160.846769-228.903384l-62.385231 62.464c53.799385 49.467077 100.273231 115.318154 140.445539 198.025846-102.557538 212.125538-247.886769 312.713846-446.54277 312.713846-63.172923 0-120.989538-10.161231-173.764923-30.798769l-67.347692 67.268923c71.995077 34.658462 152.260923 52.224 241.112615 52.224 236.544 0 412.750769-123.667692 529.48677-369.585231a74.043077 74.043077 0 0 0 0.078769-63.172923z m-78.769231-408.812308l-52.145231-52.224a9.846154 9.846154 0 0 0-13.942154 0L792.418462 181.10358967C720.502154 146.28758967 640.393846 128.80082067 551.384615 128.80082067c-236.544 0-412.750769 123.667692-529.486769 369.585231V498.54358967a74.200615 74.200615 0 0 0 0 63.409231c44.819692 94.365538 98.461538 170.692923 160.846769 228.982154l-123.904 123.667692a9.846154 9.846154 0 0 0 0 13.942154l52.145231 52.224a9.846154 9.846154 0 0 0 13.942154 0L1002.180923 103.43712867a9.767385 9.767385 0 0 0 0-13.784616z m-589.981538 471.591385a137.846154 137.846154 0 0 1 165.572923-165.572923L412.120615 561.32266667z m227.091692-227.091692a216.772923 216.772923 0 0 0-288.610462 288.610461L245.287385 728.23466667c-53.799385-49.545846-100.273231-115.318154-140.445539-198.025846C207.478154 318.08328167 352.886154 217.49497467 551.384615 217.49497467c63.172923 0 120.989538 10.161231 173.764923 30.798769l-85.858461 85.937231zM546.500923 667.89743567c-7.876923 0-15.675077-0.630154-23.158154-1.969231l-62.936615 62.857847a216.615385 216.615385 0 0 0 284.908308-284.908308l-62.857847 62.936615A138.003692 138.003692 0 0 1 546.422154 667.89743567z"
          fill="currentColor"
        />
      </svg>
    </i>
  </div>
</label>
`;

exports[`Input prefix 1`] = `
<label
  class="t-input t--size-m"
>
  <div
    class="t-input__prefix"
  >
    foo
  </div>
  <input
    type="text"
    value=""
  />
</label>
`;

exports[`Input suffix 1`] = `
<label
  class="t-input t--size-m"
>
  <input
    type="text"
    value=""
  />
  <div
    class="t-input__suffix"
  >
    bar
  </div>
</label>
`;

exports[`Input textarea 1`] = `
<label
  class="t-input t--size-m t-input--textarea"
>
  <textarea
    rows="3"
  />
</label>
`;
