// Jest Snapshot v1, https://goo.gl/fbAQLP

exports[`Select.keyboard should allow controlling the selected option using the keyboard's up and down arrow keys and selecting by pressing the Enter key 1`] = `null`;
