// Jest Snapshot v1, https://goo.gl/fbAQLP

exports[`Alert basic 1`] = `
<div
  class="t-alert"
>
  <i
    class="t-icon t-alert__icon"
    role="img"
  >
    <svg
      viewBox="0 0 1024 1024"
    >
      <path
        d="M512 2.27555555a509.72444445 509.72444445 0 1 0 0 1019.4488889A509.72444445 509.72444445 0 0 0 512 2.27555555z m0 933.01418667A423.28974222 423.28974222 0 0 1 512 88.71025778a423.28974222 423.28974222 0 0 1 0 846.57948444z m36.40888889-177.52974222a9.10222222 9.10222222 0 0 1-9.10222222 9.10222222h-54.61333334a9.10222222 9.10222222 0 0 1-9.10222222-9.10222222v-309.47555555c0-5.02442667 4.07779555-9.10222222 9.10222222-9.10222223h54.61333334c5.02442667 0 9.10222222 4.07779555 9.10222222 9.10222223v309.47555555zM512 366.36444445a54.61333333 54.61333333 0 1 1 0-109.22666667A54.61333333 54.61333333 0 0 1 512 366.36444445z"
        fill="currentColor"
      />
    </svg>
  </i>
  <div
    class="t-alert__content"
  >
    <div
      class="t-alert__title"
    >
      Tips
    </div>
    <div
      class="t-alert__desc"
    >
      foo bar
    </div>
  </div>
</div>
`;

exports[`Alert closable 1`] = `
<div
  class="t-collapse-transition t-alert t-collapse-transition--h"
>
  <i
    class="t-icon t-alert__icon"
    role="img"
  >
    <svg
      viewBox="0 0 1024 1024"
    >
      <path
        d="M512 2.27555555a509.72444445 509.72444445 0 1 0 0 1019.4488889A509.72444445 509.72444445 0 0 0 512 2.27555555z m0 933.01418667A423.28974222 423.28974222 0 0 1 512 88.71025778a423.28974222 423.28974222 0 0 1 0 846.57948444z m36.40888889-177.52974222a9.10222222 9.10222222 0 0 1-9.10222222 9.10222222h-54.61333334a9.10222222 9.10222222 0 0 1-9.10222222-9.10222222v-309.47555555c0-5.02442667 4.07779555-9.10222222 9.10222222-9.10222223h54.61333334c5.02442667 0 9.10222222 4.07779555 9.10222222 9.10222223v309.47555555zM512 366.36444445a54.61333333 54.61333333 0 1 1 0-109.22666667A54.61333333 54.61333333 0 0 1 512 366.36444445z"
        fill="currentColor"
      />
    </svg>
  </i>
  <div
    class="t-alert__content"
  >
    <div
      class="t-alert__title"
    >
      Tips
    </div>
    <div
      class="t-alert__desc"
    >
      foo bar
    </div>
  </div>
  <button
    class="t-button t-alert__close-btn t-button--type-default t--size-sm t-button--plain-text t-button--icon-l"
  >
    <span>
      <i
        class="t-icon t-alert__close-icon"
        role="img"
      >
        <svg
          viewBox="0 0 1024 1024"
        >
          <path
            d="M574.56865938 513.72328935l366.30945353-364.40941657c17.3212673-17.23289347 17.4096411-45.15901828 0.17674762-62.48028556-17.27708037-17.36545419-45.15901828-17.4096411-62.48028556-0.17674764l-366.39782734 364.45360348-363.21637009-364.32104275C131.77167097 69.55650684 103.80135925 69.46813303 86.48009197 86.70102651 69.20301159 103.93391997 69.15882467 131.90423169 86.39171815 149.22549897l363.12799629 364.23266894L83.38700853 877.64664993c-17.3212673 17.23289347-17.4096411 45.15901828-0.17674763 62.48028558 8.61644674 8.66063363 19.97248167 13.03513737 31.32851659 13.03513736 11.26766112 0 22.53532223-4.28612991 31.15176897-12.85838974l366.22107973-364.27685584 366.53038806 367.63506071c8.61644674 8.66063363 19.92829476 12.99095045 31.2843297 12.99095047 11.31184801 0 22.57950913-4.33031682 31.19595588-12.90257666 17.27708037-17.23289347 17.3212673-45.15901828 0.0883738-62.48028554L574.56865938 513.72328935z"
            fill="currentColor"
          />
        </svg>
      </i>
    </span>
  </button>
</div>
`;

exports[`Alert icon 1`] = `
<div
  class="t-alert"
>
  <i
    class="t-icon t-alert__icon"
    role="img"
  >
    <svg
      viewBox="0 0 1024 1024"
    >
      <path
        d="M808.12630286 92.94690423l-81.20590149-81.20590149-500.29730201 500.52713049 500.25899727 500.02916876 81.24420623-81.28251096-419.01479101-418.78496257z"
        fill="currentColor"
      />
    </svg>
  </i>
  <div
    class="t-alert__content"
  >
    <div
      class="t-alert__title"
    >
      Tips
    </div>
    <div
      class="t-alert__desc"
    >
      foo bar
    </div>
  </div>
</div>
`;

exports[`Alert icon 2`] = `
<div
  class="t-alert"
>
  <div
    class="t-alert__content"
  >
    <div
      class="t-alert__title"
    >
      Tips
    </div>
    <div
      class="t-alert__desc"
    >
      foo bar
    </div>
  </div>
</div>
`;

exports[`Alert partial 1`] = `
<div
  class="t-alert t-alert--centered"
>
  <i
    class="t-icon t-alert__icon"
    role="img"
  >
    <svg
      viewBox="0 0 1024 1024"
    >
      <path
        d="M512 2.27555555a509.72444445 509.72444445 0 1 0 0 1019.4488889A509.72444445 509.72444445 0 0 0 512 2.27555555z m0 933.01418667A423.28974222 423.28974222 0 0 1 512 88.71025778a423.28974222 423.28974222 0 0 1 0 846.57948444z m36.40888889-177.52974222a9.10222222 9.10222222 0 0 1-9.10222222 9.10222222h-54.61333334a9.10222222 9.10222222 0 0 1-9.10222222-9.10222222v-309.47555555c0-5.02442667 4.07779555-9.10222222 9.10222222-9.10222223h54.61333334c5.02442667 0 9.10222222 4.07779555 9.10222222 9.10222223v309.47555555zM512 366.36444445a54.61333333 54.61333333 0 1 1 0-109.22666667A54.61333333 54.61333333 0 0 1 512 366.36444445z"
        fill="currentColor"
      />
    </svg>
  </i>
  <div
    class="t-alert__content"
  >
    <div
      class="t-alert__title"
    >
      Tips
    </div>
  </div>
</div>
`;

exports[`Alert partial 2`] = `
<div
  class="t-alert"
>
  <i
    class="t-icon t-alert__icon"
    role="img"
  >
    <svg
      viewBox="0 0 1024 1024"
    >
      <path
        d="M512 2.27555555a509.72444445 509.72444445 0 1 0 0 1019.4488889A509.72444445 509.72444445 0 0 0 512 2.27555555z m0 933.01418667A423.28974222 423.28974222 0 0 1 512 88.71025778a423.28974222 423.28974222 0 0 1 0 846.57948444z m36.40888889-177.52974222a9.10222222 9.10222222 0 0 1-9.10222222 9.10222222h-54.61333334a9.10222222 9.10222222 0 0 1-9.10222222-9.10222222v-309.47555555c0-5.02442667 4.07779555-9.10222222 9.10222222-9.10222223h54.61333334c5.02442667 0 9.10222222 4.07779555 9.10222222 9.10222223v309.47555555zM512 366.36444445a54.61333333 54.61333333 0 1 1 0-109.22666667A54.61333333 54.61333333 0 0 1 512 366.36444445z"
        fill="currentColor"
      />
    </svg>
  </i>
  <div
    class="t-alert__content"
  >
    <div
      class="t-alert__desc"
    >
      foo bar
    </div>
  </div>
</div>
`;
